╔══════════════════════════════════════════════════════════╗
║           The Fold — Core Test Suite                     ║
╚══════════════════════════════════════════════════════════╝
Working directory: /home/oso/the-fold

=== Running core/base/test-prelude.ss ===
Testing prelude.ss
====

andmap:
  ✓ empty list
  ✓ all pass
  ✓ one fails
  ✓ first fails

ormap:
  ✓ empty list
  ✓ one passes
  ✓ all fail

unique:
  ✓ no duplicates
  ✓ with duplicates
  ✓ empty list
  ✓ all same

filter:
  ✓ keep evens
  ✓ keep none
  ✓ keep all

fold-left:
  ✓ sum
  ✓ empty
  ✓ left assoc

fold-right:
  ✓ sum
  ✓ right assoc

zip:
  ✓ equal length
  ✓ first shorter
  ✓ empty

iota:
  ✓ iota 0
  ✓ iota 5

take/drop:
  ✓ take 2
  ✓ take 0
  ✓ drop 2
  ✓ drop 0

Result type:
  ✓ ok? true
  ✓ ok? false
  ✓ error? true
  ✓ error? false
  ✓ unwrap-ok
  ✓ unwrap-error

result-map:
  ✓ map ok
  ✓ map error

result-bind:
  ✓ bind ok
  ✓ bind error

result-sequence:
  ✓ all ok
  ✓ one error
  ✓ empty

string-join:
  ✓ join words
  ✓ join empty
  ✓ join one

find:
  ✓ find even
  ✓ find first
  ✓ find none
  ✓ find empty

last:
  ✓ last of list
  ✓ last singleton
  ✓ last symbols

init:
  ✓ init of list
  ✓ init singleton
  ✓ init longer

replicate:
  ✓ replicate 3
  ✓ replicate 0
  ✓ replicate 1
  ✓ replicate negative

span:
  ✓ span prefix
  ✓ span suffix
  ✓ span no match at start
  ✓ span all suffix
  ✓ span all match
  ✓ span empty suffix
  ✓ span empty list
  ✓ span empty suffix

break:
  ✓ break prefix
  ✓ break suffix
  ✓ break odd prefix
  ✓ break at first even

identity:
  ✓ identity number
  ✓ identity list
  ✓ identity symbol

flatten:
  ✓ flatten nested
  ✓ flatten empty inner
  ✓ flatten empty
  ✓ flatten single

partition:
  ✓ partition evens
  ✓ partition all pass
  ✓ partition none pass
  ✓ partition empty

group-by:
  ✓ group-by length
  ✓ group-by empty
  ✓ group-by single

distinct-by:
  ✓ distinct-by first char
  ✓ distinct-by identity
  ✓ distinct-by empty

string-split:
  ✓ split by comma
  ✓ split no delim
  ✓ split empty parts

string-trim:
  ✓ trim both
  ✓ trim left
  ✓ trim right
  ✓ trim none needed
  ✓ trim all spaces

string-contains?:
  ✓ contains substring
  ✓ contains at start
  ✓ contains at end
  ✓ not contains
  ✓ contains empty

string-starts-with?:
  ✓ starts with prefix
  ✓ starts with full
  ✓ not starts with
  ✓ starts with empty

string-ends-with?:
  ✓ ends with suffix
  ✓ ends with full
  ✓ not ends with
  ✓ ends with empty

string-index-of:
  ✓ index of found
  ✓ index of start
  ✓ index not found
  ✓ index of empty

string-last-index-of:
  ✓ last index found
  ✓ last index once
  ✓ last index not found

string-replace:
  ✓ replace single
  ✓ replace all l
  ✓ replace word
  ✓ replace nothing
  ✓ replace empty old

string-reverse:
  ✓ reverse string
  ✓ reverse empty
  ✓ reverse single

string-empty?:
  ✓ empty is empty
  ✓ non-empty not empty

string-blank?:
  ✓ empty is blank
  ✓ spaces blank
  ✓ tabs blank
  ✓ text not blank

string-all-match?:
  ✓ all digits
  ✓ not all digits
  ✓ empty all match

string-upcase/downcase:
  ✓ upcase
  ✓ downcase
  ✓ mixed upcase

string-pad:
  ✓ pad left
  ✓ pad right
  ✓ pad no change

edit-distance:
  ✓ same string
  ✓ one insert
  ✓ one delete
  ✓ one substitute
  ✓ kitten sitting
  ✓ empty first
  ✓ empty second

Unicode Aliases:
  ✓ lambda alias
  ✓ composition
  ✓ and alias
  ✓ or alias
  ✓ not alias
  ✓ not equal
  ✓ less-equal
  ✓ greater-equal
  ✓ multiply alias
  ✓ divide alias
  ✓ square
  ✓ cube
  ✓ sqrt alias
  ✓ member alias
  ✓ not member alias
  ✓ empty list alias
  ✓ pi defined
  ✓ tau = 2pi
  ✓ e defined
  ✓ infinity

====
Passed: 165
Failed: 0

✓ All prelude tests passed!

=== Running core/base/test-sha256.ss ===
SHA-256 Test Vectors (NIST FIPS 180-4)
====

Test 1: Empty message
  SHA-256(""): ✓

Test 2: "abc"
  SHA-256("abc"): ✓

Test 3: 448-bit message (two blocks after padding)
  SHA-256(448-bit): ✓

Test 4: Common test string
  SHA-256(fox): ✓

✓ All SHA-256 tests complete.

=== Running core/base/test-error.ss ===

╔══════════════════════════════════════════════════════════════════╗
║                   Error System Tests                              ║
╚══════════════════════════════════════════════════════════════════╝

Error Construction
──────────────────
  error? recognizes error: ✓
  error-phase: ✓
  error-code: ✓
  error-details: ✓
  error? rejects non-error: ✓
  error? rejects short list: ✓

Source Spans
────────────
  span? recognizes span: ✓
  span-file: ✓
  span-line: ✓
  span-column: ✓
  span? rejects non-span: ✓
  no-span is a span: ✓

Message Lookup
──────────────
  infer unbound message: ✓
  infer type-mismatch message: ✓
  eval division-by-zero message: ✓
  unknown code falls back to symbol: ✓

Error Formatting
────────────────
  formatted has phase: ✓
  formatted has message: ✓
  formatted has variable: ✓
  type error has location: ✓
  type error has expected: ✓
  type error has actual: ✓

Suggestions
───────────
  suggests add for +: ✓
  suggests fn for lambda: ✓
  suggests counting parens: ✓

Edit Distance
─────────────
  same string = 0: ✓
  one char diff = 1: ✓
  one insertion = 1: ✓
  one deletion = 1: ✓
  transposition = 2: ✓
  completely different: ✓

Helper Functions
────────────────
  unbound-error phase: ✓
  unbound-error code: ✓
  type-error has Int: ✓
  type-error has String: ✓

String Split
────────────
  split simple: ✓
  split by newline: ✓
  split no delim: ✓

────────────────────────────────────────────────────────
  Total: 38 tests
  Passed: 38
  Failed: 0
────────────────────────────────────────────────────────
✓ All error system tests passed!

=== Running core/blocks/test-block.ss ===
Block System Tests
====

    ✓ basic-block
    ✓ round-trip-simple
    ✓ round-trip-with-refs

=== Running core/blocks/test-cas.ss ===
Content-Addressed Store Tests
====

Test 1: Store and fetch
  stored hash: 00bfbf8711a995d87445f145ce6699b6226e8d9f05c23b830fc2a4d2967faaa38a
  address length: ✓
  address version byte: ✓
  fetch returns block: ✓
  tag matches: ✓
  payload matches: ✓

Test 2: Content identity
  same content → same hash: ✓

Test 3: Different content
  different content → different hash: ✓

Test 4: Blocks with references
  parent hash: 000d1cd43c21a320057b623f5bb2973aa8c605c01f7ad3bc7452f6de301b48ecb0
  parent refs count: ✓
  first ref correct: ✓

Test 5: S-expression storage
  sexpr round-trip: ✓

Test 6: α-equivalent expressions
  normalized forms equal: ✓
  same hash for α-equivalent: ✓

Test 7: Store statistics
  store has blocks: ✓
  total blocks: 5

Test 8: Hex conversion
  hex round-trip: ✓

✓ All CAS tests complete.

=== Running core/blocks/test-normalize.ss ===
Test 1: Identity function
  normalize (fn (x) x): ✓
  normalize (fn (y) y): ✓
  same normalized form: ✓

Test 2: Nested binders
  outer variable: ✓
  inner variable: ✓

Test 3: Let bindings
  simple let: ✓

Test 4: Application
  apply inner to outer: ✓

Test 5: Free variables preserved
  free var: ✓

Test 6: Expansion
  expand identity: ✓
  expand nested: ✓

Test 7: Round-trip
  normalize = renormalize: ✓

Test 8: Complex expression
  normalized: (let ((fn (fn (fn ((dv 2) ((dv 1) (dv 0))))))) ((dv 0) inc inc))

✓ All tests complete.

=== Running core/blocks/test-expand.ss ===

====
         EXPAND (De Bruijn to Named) TESTS
====
    ✓ supply-next-single
    ✓ supply-next-chain
    ✓ make-symbol-supply-basic
    ✓ make-symbol-supply-extended
    ✓ make-symbol-supply-zero
    ✓ expand-symbol
    ✓ expand-number
    ✓ expand-string
    ✓ expand-quote
    ✓ expand-dv-0
    ✓ expand-identity
    ✓ expand-const
    ✓ expand-s-combinator
    ✓ expand-nested-lambda
    ✓ expand-lambda-with-free-var
    ✓ expand-simple-let
    ✓ expand-let-with-computation
    ✓ expand-nested-let
    ✓ expand-let-in-lambda
    ✓ expand-simple-fix
    ✓ expand-fix-factorial
    ✓ expand-fix-with-lambda
    ✓ expand-simple-application
    ✓ expand-multi-arg-application
    ✓ expand-nested-application
    ✓ expand-church-numeral-2
    ✓ expand-omega-combinator
    ✓ expand-y-combinator-simplified
    ✓ expand-let-with-lambda
    ✓ expand-fresh-identity
    ✓ expand-fresh-k-combinator
    ✓ expand-fresh-complex
    ✓ expand-empty-list
    ✓ expand-boolean
    ✓ expand-mixed-list

====
Tests passed: 35
Tests failed: 0
Total tests:  35

[SUCCESS] All expand tests passed.

=== Running core/lang/test-prim.ss ===

Arithmetic
  add: ✓
  add many: ✓
  sub: ✓
  mul: ✓
  div: ✓
  div-by-zero: ✓
  mod: ✓
  mod-by-zero: ✓
  neg: ✓
  abs positive: ✓
  abs negative: ✓
  sqrt: ✓
  expt: ✓
  log 1: ✓
  sin 0: ✓
  cos 0: ✓
  tan 0: ✓
  floor: ✓
  ceiling: ✓
  round: ✓

Comparison
  eq? true: ✓
  eq? false: ✓
  eq? symbols: ✓
  lt?: ✓
  le? equal: ✓
  gt?: ✓
  ge?: ✓
  zero?: ✓
  positive?: ✓
  negative?: ✓

Bitwise
  bitand: ✓
  bitor: ✓
  bitxor: ✓
  bitnot: ✓
  shl: ✓
  shr: ✓

Boolean
  not true: ✓
  not false: ✓
  and: ✓
  or: ✓

Block operations
  block-tag: ✓
  block-payload: ✓
  block-refs empty: ✓
  block-ref 0: ✓
  block-ref 1: ✓
  block-ref out of bounds: ✓
  block round-trip tag: ✓

Bytevector operations
  bv-length: ✓
  bv-ref: ✓
  bv-make: ✓
  bv-concat length: ✓
  bv-slice: ✓
  bv-copy returns dst: ✓
  bv-copy first: ✓
  bv-copy third: ✓
  bv-copy untouched: ✓

String conversion
  string->utf8->string: ✓
  symbol->string: ✓
  string->symbol: ✓
  number->string: ✓
  string->number: ✓

List operations
  cons: ✓
  car: ✓
  cdr: ✓
  null? true: ✓
  null? false: ✓
  pair?: ✓
  list: ✓
  length: ✓
  append: ✓
  reverse: ✓
  list-ref: ✓
  memq found: ✓
  assq: ✓

Vector operations
  vec-make: ✓
  vec-empty: ✓
  vec-ref: ✓
  vec-length: ✓
  vec->list: ✓
  list->vec: ✓

String operations
  string-length: ✓
  string-length empty: ✓
  string-ref: ✓
  string-append: ✓
  string-append many: ✓
  substring: ✓
  string=?: ✓
  string=? false: ✓
  string<?: ✓
  string>?: ✓
  make-string: ✓
  string->list: ✓
  list->string: ✓

Character operations
  char->integer: ✓
  integer->char: ✓
  char=?: ✓
  char<?: ✓
  char-alphabetic?: ✓
  char-numeric?: ✓
  char-whitespace?: ✓
  char-upper-case?: ✓
  char-lower-case?: ✓
  char-upcase: ✓
  char-downcase: ✓

Primitive errors
  unknown primitive: ✓

=== Running core/lang/test-parse.ss ===
====
Parser Combinator Test Suite
====

Testing ParseResult construction...
ParseResult tests complete.

Testing primitive parsers...
Primitive parser tests complete.

Testing character parsers...
Character parser tests complete.

Testing sequencing combinators...
Sequencing combinator tests complete.

Testing choice combinators...
Choice combinator tests complete.

Testing transformation combinators...
Transformation combinator tests complete.

Testing repetition combinators...
Repetition combinator tests complete.

Testing delimiter combinators...
Delimiter combinator tests complete.

Testing number parsers...
Number parser tests complete.

Testing word parsers...
Word parser tests complete.

Testing utility parsers...
Utility parser tests complete.

Testing complete arithmetic parser...
Arithmetic parser tests complete.

Testing CSV parser...
CSV parser tests complete.

Testing simple S-expression parser...
S-expression parser tests complete.

====
All tests complete!
====

=== Running core/lang/test-span.ss ===

====
         SPAN (Position-Aware Parsing) TESTS
====
    ✓ make-span-basic
    ✓ no-span-test
    ✓ merge-spans-same-line
    ✓ merge-spans-multi-line
    ✓ format-span-test
    ✓ initial-state-basic
    ✓ initial-state-with-file
    ✓ state-span-test
    ✓ advance-state-regular-char
    ✓ advance-state-newline
    ✓ advance-state-sequence
    ✓ success-construction
    ✓ failure-construction
    ✓ s-pure-test
    ✓ s-fail-test
    ✓ s-item-success
    ✓ s-item-failure
    ✓ s-eof-success
    ✓ s-eof-failure
    ✓ s-satisfy-success
    ✓ s-satisfy-failure
    ✓ s-char-success
    ✓ s-char-failure
    ✓ s-digit-success
    ✓ s-alpha-success
    ✓ s-space-success
    ✓ s-alphanum-success-letter
    ✓ s-alphanum-success-digit
    ✓ s-string-success
    ✓ s-string-failure
    ✓ s-bind-success
    ✓ s-seq-test
    ✓ s-seq-left-test
    ✓ s-alt-first-succeeds
    ✓ s-alt-second-succeeds
    ✓ s-choice-test
    ✓ s-map-test
    ✓ s-many-success
    ✓ s-many-zero-matches
    ✓ s-many1-success
    ✓ s-many1-failure
    ✓ s-optional-present
    ✓ s-optional-absent
    ✓ s-sep-by-multiple
    ✓ s-sep-by-single
    ✓ s-sep-by-empty
    ✓ s-spaces-test
    ✓ s-spaces1-success
    ✓ s-spaces1-failure
    ✓ s-lexeme-test
    ✓ s-symbol-test
    ✓ s-nat-test
    ✓ s-int-positive
    ✓ s-int-negative
    ✓ s-identifier-test
    ✓ s-identifier-no-digit-start
    ✓ spanned-construction
    ✓ get-spanned-value-plain
    ✓ get-value-span-plain
    ✓ s-spanned-parser
    ✓ format-error-test
    ✓ format-no-error
    ✓ parse-list-of-numbers
    ✓ parse-csv-numbers
    ✓ parse-with-spanning

====
Tests passed: 65
Tests failed: 0
Total tests:  65

[SUCCESS] All span tests passed.

=== Running core/lang/test-fold-parse.ss ===
Fold Parser Tests
====

Spans:
  ✓ make-span
  ✓ span?
  ✓ span-file
  ✓ span-line
  ✓ span-column
  ✓ format-span

Parser State:
  ✓ initial-state
  ✓ state-input
  ✓ state-line initial
  ✓ state-column initial
  ✓ advance-state input
  ✓ advance-state column
  ✓ advance-state newline line
  ✓ advance-state newline column

Basic Parsers:
  ✓ s-item success
  ✓ s-item remaining
  ✓ s-item empty fails
  ✓ s-eof at end
  ✓ s-eof not at end

Numbers:
  ✓ integer
  ✓ negative integer
  ✓ zero
  ✓ float
  ✓ negative float

Strings:
  ✓ empty string
  ✓ simple string
  ✓ string with spaces
  ✓ string with escape
  ✓ string with quote

Booleans:
  ✓ true
  ✓ false

Symbols:
  ✓ simple symbol
  ✓ symbol with dash
  ✓ symbol with numbers
  ✓ symbol with special
  ✓ plus symbol
  ✓ arrow symbol

Lists:
  ✓ empty list
  ✓ single element
  ✓ multiple elements
  ✓ nested list
  ✓ mixed types
  ✓ lambda
  ✓ let

Quotes:
  ✓ quoted symbol
  ✓ quoted list
  ✓ quasiquote
  ✓ unquote
  ✓ unquote-splicing

Comments:
  ✓ after comment
  ✓ inline comment

Whitespace:
  ✓ leading space
  ✓ trailing space
  ✓ multiline
  ✓ tabs

Span Tracking:
  ✓ span preserved
  ✓ span file
  ✓ span line
  ✓ span column
  ✓ span after whitespace column

Error Cases:
  ✓ unclosed string (correctly failed)
  ✓ unclosed paren (correctly failed)
  ✓ partial input
  ✓ empty input (correctly failed)

Complex Examples:
  ✓ factorial
  ✓ let with multiple bindings
  ✓ case expression

====
Passed: 67
Failed: 0

✓ All Fold parser tests passed!

=== Running core/lang/test-eval.ss ===

Literals and Quote
  number: ✓
  string: ✓
  boolean true: ✓
  boolean false: ✓
  quoted symbol: ✓
  quoted list: ✓

Lambda and Application
  identity is closure: ✓
  apply identity: ✓
  apply const: ✓
  multi-arg: ✓

Let Bindings
  simple let: ✓
  let with computation: ✓
  nested let: ✓
  let shadowing: ✓

Fix (Recursion)
  factorial 0: ✓
  factorial 5: ✓
  fibonacci 6: ✓

If Conditional
  if true: ✓
  if false: ✓
  if computed: ✓
  nested if: ✓

Primitives
  add: ✓
  sub: ✓
  mul: ✓
  div: ✓
  neg: ✓
  eq? true: ✓
  eq? false: ✓
  lt?: ✓
  not: ✓
  cons: ✓
  car: ✓
  cdr: ✓
  null?: ✓
  list: ✓

Fuel and Suspension
  enough fuel: ✓
  zero fuel: ✓
  limited fuel suspends: ✓

Blocks and Case
  make-block ok: ✓
  case match: ✓

Error Cases
  unbound variable: ✓
  apply non-function: ✓
  arity mismatch: ✓
  div by zero: ✓

Complex Expressions
  map double: ✓
  fold sum: ✓
  compose: ✓

Prelude
  prelude id: ✓
  prelude const: ✓
  prelude compose: ✓
  prelude flip: ✓
  prelude fst: ✓
  prelude snd: ✓
  prelude pair: ✓
  prelude bool-not: ✓
  prelude bool-and: ✓
  prelude bool-or: ✓
  prelude map: ✓
  prelude filter: ✓
  prelude foldl: ✓
  prelude foldr: ✓
  prelude scanl: ✓
  prelude scanl empty: ✓
  prelude scanr: ✓
  prelude scanr empty: ✓
  prelude take: ✓
  prelude drop: ✓
  prelude zip: ✓
  prelude range: ✓
  prelude sum: ✓
  prelude product: ✓
  prelude flatten: ✓
  prelude flatten empty: ✓
  prelude flatMap: ✓
  prelude any true: ✓
  prelude any false: ✓
  prelude all true: ✓
  prelude all false: ✓
  prelude elem true: ✓
  prelude elem false: ✓
  prelude replicate: ✓
  prelude takeWhile: ✓
  prelude dropWhile: ✓
  prelude span: ✓
  prelude break: ✓
  prelude partition: ✓
  prelude zipWith: ✓
  prelude unzip: ✓
  prelude intersperse: ✓
  prelude group: ✓
  prelude nub: ✓
  prelude find some: ✓
  prelude find none: ✓
  prelude splitAt: ✓
  sum of squares: ✓

Environment API
  custom env: ✓
  custom env computation: ✓

Fuel Semantics
  literal consumes 1 fuel: ✓
  literal suspends with 0 fuel: ✓
  prim with no args succeeds: ✓
  prim with no args remaining fuel: ✓
  prim with no args suspends with 0 fuel: ✓
  prim add succeeds with exact fuel: ✓
  prim add remaining fuel: ✓
  prim add suspends when fuel short: ✓
  deterministic suspension: ✓

✓ All evaluator tests complete.

=== Running core/types/test-types.ss ===

Base Types
  Nat is base: ✓
  Int is base: ✓
  Bool is base: ✓
  Symbol is base: ✓
  String is base: ✓
  Bytes is base: ✓
  Unit is base: ✓
  Void is base: ✓
  Hash is base: ✓
  Foo is not base: ✓

Type Predicates
  Nat is type: ✓
  hole is type: ✓
  named hole is type: ✓
  type var is type: ✓
  function type: ✓
  multi-arg function: ✓
  product type: ✓
  sum type: ✓
  list type: ✓
  vector type: ✓
  block type: ✓
  ref type: ✓
  forall type: ✓
  recursive type: ✓
  capability type: ✓

Type Constructors
  t->: ✓
  t× : ✓
  t+: ✓
  t-list: ✓
  t-vector: ✓
  t-block: ✓
  t-ref: ✓
  t-forall: ✓
  t-rec: ✓
  t-cap: ✓
  t-hole: ✓
  t-named-hole: ✓

Type Accessors
  function-type?: ✓
  not function-type: ✓
  function-param-types: ✓
  function-return-type: ✓
  product-type?: ✓
  product-types: ✓
  sum-type?: ✓
  sum-variants: ✓
  hole?: ✓
  named hole?: ✓
  not hole: ✓
  type-var?: ✓
  type-var? x: ✓
  not type-var (base): ✓
  not type-var (upper): ✓

Type Equality
  base equal: ✓
  base not equal: ✓
  function equal: ✓
  function not equal: ✓
  nested equal: ✓

Free Type Variables
  no free vars in base: ✓
  single tvar: ✓
  tvar in function: ✓
  bound by forall: ✓
  partially bound: ✓
  bound by mu: ✓
  kinded forall binds var: ✓
  kinded forall free var: ✓
  mixed simple+kinded: ✓

Type Substitution
  subst base unchanged: ✓
  subst tvar: ✓
  subst different tvar: ✓
  subst in function: ✓
  no subst under forall: ✓
  subst free under forall: ✓
  no subst under kinded forall: ✓
  subst free under kinded forall: ✓

Common Type Patterns
  t-option: ✓
  t-result: ✓
  t-pair: ✓

Type Display
  display base: ✓
  display hole: ✓
  display function: ✓
  display product: ✓

Type as Block
  block tag: ✓
  round-trip: ✓
  invalid block: ✓

Type Inference - Literals
  typeof integer: ✓
  typeof boolean: ✓
  typeof string: ✓
  typeof quoted symbol: ✓

Type Inference - Lambdas
  identity is polymorphic: ✓
  identity is function: ✓
  const is polymorphic: ✓

Type Inference - Application
  apply identity to int: ✓
  nested application: ✓

Type Inference - Let
  let simple: ✓
  let polymorphic: ✓
  let multiple bindings: ✓

Type Inference - If
  if simple: ✓
  if type error: ✓

Type Inference - Unification
  unify same: ✓
  unify var: ✓
  unify mismatch: ✓
  unify occurs check: ✓

Type Inference - Substitution
  apply empty subst: ✓
  apply subst simple: ✓
  apply subst function: ✓

Type Inference - Primitives
  prim add: ✓
  prim not: ✓
  prim cons list type: ✓

Type Inference - Generalization
  instantiate forall: ✓
  instantiate non-forall: ✓
  generalize free vars: ✓

Type Inference - Error Cases
  unbound variable: ✓
  type mismatch in app: ✓

Kinds - Predicates
  kind *: ✓
  kind Constraint: ✓
  kind Row: ✓
  kind arrow: ✓
  kind higher arrow: ✓
  not kind: ✓

Kinds - Constructors
  K=>: ✓
  K=>*: ✓

Kinds - Equality
  kind= *: ✓
  kind= arrow: ✓
  kind≠ different: ✓

Kinds - Builtins
  lookup List: ✓
  lookup Vector: ✓
  lookup Int: ✓
  lookup not found: ✓

Kinds - Inference
  infer Int: ✓
  infer List Int: ✓
  infer function: ✓
  infer forall: ✓
  infer hole returns kind hole: ✓
  infer product: ✓
  infer mu: ✓

Kinds - Display
  kind->string *: ✓
  kind->string arrow: ✓
  kind->string Constraint: ✓

Integration - Polymorphism
  polymorphic identity: ✓
  let polymorphism: ✓
  compose function: ✓
  factorial recursion: ✓
  type annotation: ✓
  polymorphic list ops: ✓

✓ All type system tests complete (types.ss, infer.ss, kinds.ss).

=== Running core/types/test-kinds.ss ===

Kind Construction
  base kind *: ✓
  constraint kind: ✓
  kind arrow: ✓
  kind arrow chain: ✓
  kind forall: ✓

Kind Predicates
  * is kind: ✓
  Constraint is kind: ✓
  arrow is kind: ✓
  nested arrow: ✓
  kind-var?: ✓
  not kind-var: ✓
  kind-arrow?: ✓
  kind-param: ✓
  kind-result: ✓

Kind Equality
  * = *: ✓
  * ≠ Constraint: ✓
  arrow equality: ✓
  arrow inequality: ✓

Type Application
  type app: ✓
  type app multi: ✓
  type-app?: ✓
  not type-app: ✓
  type-app-head: ✓
  type-app-args: ✓

Built-in Kinds
  Nat : *: ✓
  Bool : *: ✓
  List : * → *: ✓
  Vector : * → *: ✓
  Either : * → * → *: ✓
  unknown: ✓

Kind Inference — Base Types
  Nat : *: ✓
  Bool : *: ✓
  String : *: ✓

Kind Inference — Type Constructors
  List : * → *: ✓
  Either : * → * → *: ✓

Kind Inference — Applied Types
  (List Nat) : *: ✓
  (Vector Bool) : *: ✓
  (@ List Nat) : *: ✓
  (@ Either String) : * → *: ✓
  (@ Either String Nat) : *: ✓

Kind Inference — Compound Types
  (-> Nat Bool) : *: ✓
  (× Nat Bool String) : *: ✓
  (+ (None) (Some Nat)) : *: ✓
  (Ref Nat) : *: ✓

Kind Inference — Quantified Types
  (∀ (a) a) : *: ✓
  (∀ (a b) (-> a b)) : *: ✓
  (μ t (+ (Nil) (Cons Nat t))) : *: ✓

Kind Inference — With Environment
  custom constructor: ✓
  applied custom: ✓

Kind Errors
  kind error is pair: ✓
  kind error tag: ✓

Type Classes
  Functor kind: ✓
  Functor name: ✓
  Functor no supers: ✓
  Applicative has Functor super: ✓
  Monad has Applicative super: ✓

Constrained Types
  constrained-type?: ✓
  get-constraints: ✓
  get-underlying-type: ✓

Kind Display
  display *: ✓
  display Constraint: ✓
  display arrow: ✓
  display nested: ✓
  display chain: ✓

Kinded Type Variables
  kinded forall is valid type: ✓
  kinded forall kind: ✓
  mixed forall is valid: ✓
  mixed forall kind: ✓
  fmap type is valid: ✓
  fmap type kind: ✓

Kind Unification
  unify * *: ✓
  unify * Constraint fails: ✓
  unify κa *: ✓
  unify * κa: ✓
  unify arrow: ✓
  unify arrow with var: ✓
  unify nested arrow: ✓

HKT Kind Inference in Environment
  f in env: ✓
  (@ f a) with HKT: ✓
  (@ f Nat): ✓
  g : * → * → *: ✓
  (@ g Nat): ✓
  (@ g Nat Bool): ✓

Category Theory Type Classes
  Contravariant exists: ✓
  Contravariant name: ✓
  Contravariant kind: ✓
  Contravariant has contramap: ✓
  Bifunctor exists: ✓
  Bifunctor name: ✓
  Bifunctor kind: ✓
  Bifunctor has bimap: ✓
  Bifunctor has first: ✓
  Bifunctor has second: ✓
  Category exists: ✓
  Category name: ✓
  Category kind: ✓
  Category has id: ✓
  Category has compose: ✓
  Profunctor exists: ✓
  Profunctor name: ✓
  Profunctor has dimap: ✓
  Profunctor has lmap: ✓
  Profunctor has rmap: ✓
  Arrow exists: ✓
  Arrow name: ✓
  Arrow requires Category: ✓
  Arrow has arr: ✓

Multi-Parameter Type Classes
  Convertible exists: ✓
  Convertible name: ✓
  Convertible params: ✓
  Convertible param-kinds: ✓
  Convertible no fundeps: ✓
  Collection exists: ✓
  Collection params: ✓
  Collection has fundep: ✓
  MonadReader exists: ✓
  MonadReader params: ✓
  MonadReader requires Monad: ✓
  MonadReader fundep m->r: ✓
  MonadState exists: ✓
  MonadState fundep m->s: ✓
  MonadState has get: ✓
  MonadState has put: ✓
  MonadWriter exists: ✓
  MonadWriter supers: ✓

Functional Dependency Utilities
  fundep construction: ✓
  fundep-lhs: ✓
  fundep-rhs: ✓
  fundeps-closure simple: ✓
  fundeps-closure chain: ✓
  fundeps-closure no match: ✓

All higher-kinded type tests complete.

=== Running core/types/test-infer.ss ===

Substitution
  apply-subst simple: ✓
  apply-subst no match: ✓
  apply-subst in function: ✓
  apply-subst chain: ✓

Unification
  same base type: ✓
  different base types: ✓
  var with type: ✓
  var bound to Int: ✓
  function unification: ✓
  unified type var: ✓
  occurs check: ✓

Instantiation
  instantiate structure: ✓
  instantiate same var: ✓

Literal Inference
  integer: ✓
  boolean true: ✓
  boolean false: ✓
  string: ✓
  quoted symbol: ✓

Lambda Inference
  identity is polymorphic: ✓
  neg function: ✓

Application Inference
  apply identity to int: ✓
  nested app is polymorphic: ✓

Let Inference
  let simple: ✓
  let-polymorphism: ✓
  let-polymorphism different types: ✓

Primitive Inference
  add: ✓
  sub: ✓
  neg: ✓
  eq?: ✓
  lt?: ✓
  not: ✓
  null? returns Bool: ✓

Type Annotation
  annotated int: ✓
  annotated id: ✓

Type Errors
  unbound variable: ✓
  applying non-function: ✓
  wrong arity: ✓

Fix
  fix returns function: ✓

Generalization
  generalize free vars: ✓
  generalize binds a: ✓
  generalize respects env: ✓
  generalize only free: ✓

Complex Expressions
  compose is polymorphic: ✓
  K is polymorphic: ✓
  S is polymorphic: ✓

Extended Primitives
  bitand: ✓
  bitor: ✓
  bitnot: ✓
  shl: ✓
  and: ✓
  or: ✓
  string-length: ✓
  string-append: ✓
  string=?: ✓
  reverse is polymorphic: ✓
  append is polymorphic: ✓
  list-ref: ✓
  boolean?: ✓
  char?: ✓

FP Primitives
  map is polymorphic: ✓
  filter is polymorphic: ✓
  foldr is polymorphic: ✓
  foldl is polymorphic: ✓
  andmap: ✓
  ormap: ✓
  take is polymorphic: ✓
  zip is polymorphic: ✓

Case Expressions
  case returns Int: ✓
  multi-clause case: ✓
  case binds ref: ✓

✓ All type inference tests complete.

=== Running core/types/test-resolve.ss ===

Instance Database
  empty-idb: ✓
  idb-add single: ✓
  idb-add* multiple: ✓

Constraint Representation
  constraint?: ✓
  constraint? monad: ✓
  constraint? applied: ✓
  not constraint: ✓
  constraint-class: ✓
  constraint-type: ✓

Finding Matching Instances
  find Functor List: ✓
  find Monad Option: ✓
  no match Eq List: ✓
  find Functor (Either String): ✓

Resolution — Success Cases
  resolve Functor List succeeds: ✓
  evidence class: ✓
  evidence type: ✓
  resolve Monad List succeeds: ✓
  resolve Monad Option succeeds: ✓
  resolve Functor Option succeeds: ✓
  resolve Applicative List succeeds: ✓

Resolution — Parametric Instances
  resolve Functor (Either String) succeeds: ✓
  resolve Monad (Either Int) succeeds: ✓

Resolution — Failure Cases
  no Eq List: ✓
  resolve Show Nat: ✓
  no Ord Option: ✓

Convenience API
  resolve-std Functor List: ✓
  has-instance? Functor List: ✓
  has-instance? Monad Option: ✓
  not has-instance? Eq List: ✓

Method Extraction
  get-method fmap: ✓
  get-method >>=: ✓
  get-method return: ✓
  get-method pure: ✓
  get-method <*>: ✓
  get-method unknown: ✓

Instance with Context
  resolve Eq Nat: ✓
  resolve Eq (List Nat): ✓

Class Database
  lookup Functor: ✓
  lookup Monad: ✓
  lookup unknown: ✓

Helper Functions
  filter-map identity: ✓
  filter-map with #f: ✓
  filter-map empty: ✓
  filter-map all #f: ✓

Eq Type Class
  resolve Eq Int: ✓
  resolve Eq Bool: ✓
  resolve Eq Char: ✓
  resolve Eq String: ✓
  resolve Eq Symbol: ✓
  resolve Eq (List Nat): ✓
  resolve Eq (Option Int): ✓

Ord Type Class
  resolve Ord Nat: ✓
  resolve Ord Int: ✓
  resolve Ord Char: ✓
  resolve Ord String: ✓

Show Type Class
  resolve Show Int: ✓
  resolve Show Bool: ✓
  resolve Show Char: ✓
  resolve Show String: ✓
  resolve Show Symbol: ✓
  resolve Show (List Int): ✓

Semigroup/Monoid Type Classes
  resolve Semigroup String: ✓
  resolve Monoid String: ✓
  resolve Semigroup (List a): ✓
  resolve Monoid (List a): ✓

Instance Specificity
  Int more specific than a: ✓
  (@ List Int) > (@ List a): ✓

Method Extraction — New Classes
  get-method ==: ✓
  get-method show: ✓
  get-method compare: ✓

✓ All instance resolution tests complete.

=== Running core/types/test-infer-constraints.ss ===

=== instantiate-constrained ===
  polymorphic no constraints - type is symbol: ok
  polymorphic no constraints - no constraints: ok
  fmap type - underlying is function: ok
  fmap type - one constraint: ok
  fmap type - constraint class: ok
  constrained but not forall - function: ok
  constrained but not forall - one constraint: ok

=== apply-subst-to-constraints ===
  subst constraint 1 class: ok
  subst constraint 1 type: ok
  subst constraint 2 class: ok
  subst constraint 2 type: ok

=== solve-constraints ===
  empty constraints: ok
  Functor List: ok
  multiple constraints: ok
  no instance: ok (correctly failed)
  parametric - Functor (Either String): ok

=== make-class-env ===
  class env has fmap: ok
  class env has pure: ok
  class env has >>=: ok
  class env has ==: ok
  class env has show: ok

=== get-standard-class-tenv ===
  standard-class-tenv has fmap: ok
  standard-class-tenv has <>: ok

=== typeof-constrained ===
  simple literal: ok
  boolean: ok
  lambda: ok

====
Passed: 26
Failed: 0

All constraint integration tests passed.

=== Running core/types/test-annotate.ss ===

Basic Annotations
  integer annotates: ✓
  integer is Int: ✓
  true is Bool: ✓
  string is String: ✓
  quoted symbol is Symbol: ✓

Lambda Annotations
  identity annotates: ✓
  identity is function: ✓
  neg fn is Int->Int: ✓

Application Annotations
  apply id to int: ✓
  apply add fn: ✓

Let Annotations
  simple let: ✓
  multi-binding let: ✓
  let-polymorphism: ✓

If Annotations
  if branches are Int: ✓
  if with symbols: ✓

Prim Annotations
  add is Int: ✓
  lt? is Bool: ✓
  neg is Int: ✓

Case Annotations
  case annotates: ✓
  case result is function: ✓
  multi-clause case: ✓
  case binds ref: ✓
  case unifies branches: ✓

Type Errors
  unbound variable: ✓

Strip Annotations
  strip literal: ✓
  strip preserves structure: ✓

Pretty Print (visual inspection)

--- Annotated 42 ---
42 : Int

--- Annotated (fn (x) x) ---
(fn ((x : τ1))
  x : τ1)
: (τ1 → τ1)

--- Annotated (fn (x) (prim 'add x 1)) ---
(fn ((x : Int))
  (prim ''add x : Int 1 : Int) : Int)
: (Int → Int)

--- Annotated (let ((x 1)) (prim 'mul x 2)) ---
(let (
  (x 1 : Int))
  (prim ''mul x : Int 2 : Int) : Int)
: Int

--- Annotated (if #t 1 2) ---
(if #t : Bool
    1 : Int
    2 : Int)
: Int

--- Annotated case expression ---
(fn ((blk : τ1))
  (case blk : τ1
    ((True)
      1 : Int)
    ((False)
      0 : Int))
  : Int)
: (τ1 → Int)

--- Annotated complex expression ---
(let (
  (double (fn ((x : Int))
      (prim ''mul x : Int 2 : Int) : Int)
    : (Int → Int)))
  (double : (Int → Int) 21 : Int) : Int)
: Int

✓ All annotation tests complete.

=== Running lattice/linalg/test-vec.ss ===

=== Vector Operations Test Suite ===

--- Vector Construction ---
  make-vec creates vector: #(0 0 0 0 0)
  make-vec with init: #(7 7 7)
  vec-from-list: #(1 2 3 4 5)
  vec variadic: #(1 2 3)
  vec->list: (1 2 3)

--- Vector Accessors ---
  vec-ref: 3
  vec-length: 5
  vec-empty? true: #t
  vec-empty? false: #f
  vec-first: 1
  vec-last: 3
  vec-ref out of bounds: #t
  vec-first empty: #t

--- Vector Transformations ---
  vec-map: #(2 4 6)
  vec-fold sum: 15
  vec-fold-right: (1 2 3)
  vec-zip-with: #(5 7 9)
  vec-zip-with dimension mismatch: #t
  vec-append: #(1 2 3 4 5 6)
  vec-take: #(1 2)
  vec-drop: #(3 4 5)
  vec-slice: #(2 3 4)
  vec-reverse: #(5 4 3 2 1)

--- Vector Arithmetic ---
  vec-add: #(5 7 9)
  vec-sub: #(-3 -3 -3)
  vec-mul (Hadamard): #(4 10 18)
  vec-scale: #(2 4 6)
  vec-negate: #(-1 -2 -3)

--- Products and Norms ---
  vec-dot: 32
  vec-dot same vector: 14
  vec-norm-squared: 14
  vec-norm unit: 1
  vec-norm-l1: 6
  vec-norm-linf: 5
  vec-norm-linf empty: #t
  vec-normalize preserves direction: #t
  vec-normalize zero vector: #t
  vec-distance: 5

--- Vector Comparisons ---
  vec-equal? same: #t
  vec-equal? different: #f
  vec-equal? different length: #f
  vec-approx-equal?: #t
  vec-approx-equal? fails: #f

--- Vector Utilities ---
  vec-sum: 15
  vec-product: 120
  vec-mean: 3
  vec-min: 1
  vec-max: 5
  vec-argmin: 1
  vec-argmax: 4

--- Special Vectors ---
  vec-zeros: #(0 0 0)
  vec-ones: #(1 1 1)
  vec-range: #(0 1 2 3 4)
  vec-linspace: #(0 1 2 3 4)
  vec-linspace equally spaced: #t
  vec-unit: #(0 0 1 0)

=== Test Summary ===
Total: 56, Passed: 56, Failed: 0
All tests passed!

=== Running lattice/linalg/test-vec2.ss ===

══════════════════════════════════════════════════════════
              2D VECTOR MATH TESTS
══════════════════════════════════════════════════════════
    ✓ vec2-creates-vector
    ✓ vec2-zero-is-origin
    ✓ vec2-one-creates-unit
    ✓ vec2-unit-vectors
    ✓ vec2-from-angle
    ✓ vec2-from-polar
    ✓ vec2-add-correct
    ✓ vec2-sub-correct
    ✓ vec2-neg-correct
    ✓ vec2-mul-correct
    ✓ vec2-div-correct
    ✓ vec2-scale-correct
    ✓ vec2-scale-inv-correct
    ✓ vec2-dot-correct
    ✓ vec2-dot-perpendicular-is-zero
    ✓ vec2-cross-correct
    ✓ vec2-cross-parallel-is-zero
    ✓ vec2-magnitude-sq-correct
    ✓ vec2-magnitude-correct
    ✓ vec2-distance-sq-correct
    ✓ vec2-distance-correct
    ✓ vec2-normalize-correct
    ✓ vec2-normalize-zero-returns-zero
    ✓ vec2-set-magnitude-correct
    ✓ vec2-limit-under
    ✓ vec2-limit-over
    ✓ vec2-angle-x-axis
    ✓ vec2-angle-y-axis
    ✓ vec2-angle-between-perpendicular
    ✓ vec2-angle-between-parallel
    ✓ vec2-rotate-90
    ✓ vec2-rotate-180
    ✓ vec2-rotate-90-ccw
    ✓ vec2-rotate-90-cw
    ✓ vec2-reflect-off-x-axis
    ✓ vec2-project-onto-x-axis
    ✓ vec2-reject-from-x-axis
    ✓ vec2-lerp-at-zero
    ✓ vec2-lerp-at-one
    ✓ vec2-lerp-at-half
    ✓ vec2-move-towards-within-range
    ✓ vec2-move-towards-beyond-range
    ✓ vec2-equal-true
    ✓ vec2-equal-false
    ✓ vec2-nearly-equal
    ✓ vec2-min-correct
    ✓ vec2-max-correct
    ✓ vec2-abs-correct
    ✓ vec2-map-correct
    ✓ vec2-sum-correct
    ✓ vec2-product-correct
    ✓ vec2-list-conversion

══════════════════════════════════════════════════════════
Tests passed: 52
Tests failed: 0
Total tests:  52

[SUCCESS] All 2D vector tests passed.

=== Running lattice/linalg/test-matrix.ss ===

=== Matrix Operations Test Suite ===

--- Matrix Construction ---
  make-matrix: ok
  matrix-from-lists 2x3: ok
  matrix-rows: ok
  matrix-cols: ok
  matrix-shape: ok
  matrix?: ok
  matrix? on list: ok
  matrix-from-lists ragged - row too short: ok
  matrix-from-lists ragged - row too long: ok
  matrix-from-lists ragged - multiple inconsistent rows: ok
  matrix-from-lists single row: ok
  matrix-from-lists single column: ok

--- Matrix Accessors ---
  matrix-ref (0,0): ok
  matrix-ref (1,2): ok
  matrix-ref out of bounds: ok
  matrix-row 0: ok
  matrix-row 1: ok
  matrix-col 0: ok
  matrix-col 2: ok
  matrix-diagonal: ok

--- Matrix Transformations ---
  matrix-transpose: ok
  matrix-map: ok
  matrix-fold sum: ok

--- Matrix Arithmetic ---
  matrix-add: ok
  matrix-sub: ok
  matrix-hadamard: ok
  matrix-scale: ok
  matrix-negate: ok
  matrix-add dimension mismatch: ok

--- Matrix Multiplication ---
  matrix-mul 2x2 * 2x2: ok
  matrix-mul 2x3 * 3x2 = 2x2: ok
  matrix-mul dimension mismatch: ok

--- Matrix-Vector Multiplication ---
  matrix-vec-mul: ok
  vec-matrix-mul: ok
  matrix-vec-mul dimension mismatch: ok

--- Matrix Comparisons ---
  matrix-equal? same: ok
  matrix-equal? different: ok
  matrix-equal? different size: ok
  matrix-approx-equal?: ok

--- Matrix Properties ---
  matrix-square? true: ok
  matrix-square? false: ok
  matrix-symmetric?: ok
  matrix-symmetric? false: ok
  trace: ok
  frobenius-norm identity: ok

--- Special Matrices ---
  zeros: ok
  ones: ok
  identity 3x3: ok
  diagonal: ok

--- Matrix Slicing ---
  matrix-submatrix: ok

--- Matrix Concatenation ---
  matrix-hstack: ok
  matrix-vstack: ok
  matrix-hstack dimension mismatch: ok

--- Identity Properties ---
  A * I = A: ok
  I * A = A: ok

=== Test Summary ===
Total: 55, Passed: 55, Failed: 0
All tests passed!

=== Running lattice/linalg/test-matrix-decomp.ss ===

=== Matrix Decomposition Tests ===

--- LU Decomposition ---
  [PASS] LU: L is lower triangular (2×2)
  [PASS] LU: U is upper triangular (2×2)
  [PASS] LU: 3×3 decomposition succeeds
  [PASS] LU: L diagonal is 1s
  [PASS] LU: Identity → L = I
  [PASS] LU: Identity → U = I
  [PASS] LU solve: Ax=b component 0
  [PASS] LU solve: Ax=b component 1
  [PASS] LU solve: 3×3 x[0]
  [PASS] LU solve: 3×3 x[1]
  [PASS] LU solve: 3×3 x[2]

--- QR Decomposition ---
  [PASS] QR: 2×2 decomposition succeeds
  [PASS] QR: R is upper triangular
  [PASS] QR: 3×2 tall matrix succeeds
  [PASS] QR: Q^T Q ≈ I

--- Cholesky Decomposition ---
  [PASS] Cholesky: 2×2 PD matrix succeeds
  [PASS] Cholesky: L is lower triangular
  [PASS] Cholesky: A = LL^T
  [PASS] Cholesky: 3×3 PD matrix succeeds
  [PASS] Cholesky: 3×3 A = LL^T
  [PASS] Cholesky: Identity → L = I

--- Numerical Stability ---
  [PASS] LU: Handles zero pivot with pivoting
  [PASS] QR: Nearly dependent columns
  [PASS] Cholesky: Barely PD matrix

--- Error Handling ---
  [PASS] LU: Non-square matrix returns error
  [PASS] QR: Underdetermined system returns error
  [PASS] Cholesky: Non-PD matrix returns error

====
                    TEST RESULTS
====

Tests passed: 27
Tests failed: 0
Total tests:  27

[SUCCESS] All matrix decomposition tests passed.

=== Running lattice/linalg/test-matrix-solvers.ss ===

=== Matrix Solver Tests ===

--- Basic Substitution ---
  [PASS] Forward substitution y[0]
  [PASS] Forward substitution y[1]
  [PASS] Back substitution x[0]
  [PASS] Back substitution x[1]

--- Matrix Solve (Ax = b) ---
  [PASS] Solve 3×3: x[0]
  [PASS] Solve 3×3: x[1]
  [PASS] Solve 3×3: x[2]

--- Matrix Inverse ---
  [PASS] Inverse 2×2: [0,0]
  [PASS] Inverse 2×2: [0,1]
  [PASS] Inverse 2×2: [1,0]
  [PASS] Inverse 2×2: [1,1]
  [PASS] Inverse verification: A * A^-1 ≈ I

--- Determinant ---
  [PASS] Determinant 2×2: (1*4 - 2*3)
  [PASS] Determinant 3×3
  [PASS] Determinant singular matrix

--- Least Squares ---
  [PASS] Least Squares: x[0]
  [PASS] Least Squares: x[1]

--- Rank and Gaussian Elimination ---
  [PASS] Rank of 3×3 rank-2 matrix
  [PASS] Rank of I3
  [PASS] Rank of 3×2 rank-1 matrix

--- Condition Number ---
  [PASS] Condition number of I3
  Condition number of ill-conditioned matrix: 1000002.0
  [PASS] Condition number > 1

====
                    TEST RESULTS
====

Tests passed: 22
Tests failed: 0
Total tests:  22

[SUCCESS] All matrix solver tests passed.

=== Running lattice/linalg/test-dep-linalg.ss ===
    ✓ vec-append-typed appends vectors
    ✓ vec-zip-typed zips equal-length vectors
    ✓ vec-head-typed gets first element
    ✓ vec-tail-typed gets rest of vector
    ✓ vec-nil-typed creates empty vector
    ✓ vec-cons-typed prepends element
    ✓ vec-map-typed preserves length
    ✓ vec-fold-typed accumulates
    ✓ matrix-mul-typed multiplies matrices
    ✓ matrix-add-typed adds matrices
    ✓ matrix-transpose-typed swaps dimensions
    ✓ dep-linalg-types is a valid alist
    ✓ has 15 type entries (6 linalg + 9 diff)
    ✓ vec-append-typed has Pi type structure
    ✓ matrix-mul-typed has 4-parameter Pi type
    ✓ Pi type predicates work

╔══════════════════════════════════════════════════════════╗
║           Running All Registered Tests                   ║
╚══════════════════════════════════════════════════════════╝

  Group: dep-linalg-runtime
    ✓ vec-append-typed appends vectors
    ✓ vec-zip-typed zips equal-length vectors
    ✓ vec-head-typed gets first element
    ✓ vec-tail-typed gets rest of vector
    ✓ vec-nil-typed creates empty vector
    ✓ vec-cons-typed prepends element
    ✓ vec-map-typed preserves length
    ✓ vec-fold-typed accumulates
    ✓ matrix-mul-typed multiplies matrices
    ✓ matrix-add-typed adds matrices
    ✓ matrix-transpose-typed swaps dimensions
  Group: dep-linalg-types
    ✓ dep-linalg-types is a valid alist
    ✓ has 15 type entries (6 linalg + 9 diff)
    ✓ vec-append-typed has Pi type structure
    ✓ matrix-mul-typed has 4-parameter Pi type
    ✓ Pi type predicates work

╔══════════════════════════════════════════════════════════╗
║                    TEST SUMMARY                          ║
╚══════════════════════════════════════════════════════════╝
  Total:  16 tests
  Passed: 16
  Failed: 0

✓ All tests passed!

=== Running lattice/numeric/test-complex.ss ===

=== Complex Number Tests ===

--- Construction and Accessors ---
  [PASS] make-complex creates complex
  [PASS] complex-real extracts real
  [PASS] complex-imag extracts imag
  [PASS] real-num->complex lifts real
  [PASS] i-value creates i

--- Polar Form ---
  [PASS] magnitude of 1+i
  [PASS] angle of 1+i
  [PASS] make-polar creates complex
  [PASS] magnitude of 3+4i

--- Basic Arithmetic ---
  [PASS] addition: (1+2i) + (3+4i)
  [PASS] subtraction: (5+7i) - (2+3i)
  [PASS] multiplication: (1+i) * (1-i)
  [PASS] multiplication: (2+3i) * (4+5i)
  [PASS] division: (8+6i) / (3+i)
  [PASS] negation: -(3+4i)
  [PASS] conjugate: conj(3+4i)

--- Arithmetic Properties ---
  [PASS] z * conj(z) = |z|²
  [PASS] commutativity: z1 + z2 = z2 + z1
  [PASS] commutativity: z1 * z2 = z2 * z1
  [PASS] additive identity: z + 0 = z
  [PASS] multiplicative identity: z * 1 = z

--- Comparison ---
  [PASS] equal: (3+4i) = (3+4i)
  [PASS] not equal: (3+4i) ≠ (3+5i)
  [PASS] zero?: 0+0i is zero
  [PASS] zero?: 1+0i is not zero
  [PASS] real?: 5+0i is real
  [PASS] real?: 5+1i is not real

--- Exponential and Logarithm ---
  [PASS] exp(iπ) = -1 (Euler's identity)
  [PASS] exp(0) = 1
  [PASS] log(1) = 0
  [PASS] log(e) = 1
  [PASS] log(exp(z)) = z

--- Powers and Roots ---
  [PASS] sqrt(i) in first quadrant
  [PASS] sqrt(4) = 2
  [PASS] sqrt(-1) = i
  [PASS] i² = -1
  [PASS] 2³ = 8

--- Powers of Zero (Edge Cases) ---
  [PASS] 0^0 raises error
  [PASS] 0^(-1) raises error
  [PASS] 0^(-2) raises error
  [PASS] 0^(-1+i) raises error
  [PASS] 0^(-0.5) raises error
  [PASS] 0^1 = 0
  [PASS] 0^2 = 0
  [PASS] 0^i is undefined (NaN)
  [PASS] 0^(1+i) = 0

--- Trigonometric Functions ---
  [PASS] sin(0) = 0
  [PASS] cos(0) = 1
  [PASS] sin(π/2) = 1
  [PASS] sin²(z) + cos²(z) = 1 (Pythagorean identity)

--- Hyperbolic Functions ---
  [PASS] sinh(0) = 0
  [PASS] cosh(0) = 1
  [PASS] cosh²(z) - sinh²(z) = 1 (hyperbolic identity)

--- Euler's Relations ---
  [PASS] sin(1) via Euler's formula

--- Utility Functions ---
  [PASS] complex->string: 3+4i
  [PASS] complex->string: 3-4i
  [PASS] complex->string: 5+0i
  [PASS] complex->string: 0+3i
  [PASS] complex-scale: 2 * (3+4i)
  [PASS] hermitian product: conj(1+2i) * (3+4i) = (1-2i) * (3+4i) = 11-2i

--- Constants ---
  [PASS] complex-zero
  [PASS] complex-one
  [PASS] complex-i
  [PASS] complex-pi
  [PASS] complex-e

====
                    TEST RESULTS
====

Tests passed: 65
Tests failed: 0
Total tests:  65

[SUCCESS] All complex number tests passed.

=== Running lattice/numeric/test-dft.ss ===
\n=== DFT/FFT Tests ===\n\n--- Utility Functions ---\n  [PASS] power-of-2?: 1 is power of 2\n  [PASS] power-of-2?: 2 is power of 2\n  [PASS] power-of-2?: 4 is power of 2\n  [PASS] power-of-2?: 8 is power of 2\n  [PASS] power-of-2?: 3 is not power of 2\n  [PASS] power-of-2?: 6 is not power of 2\n  [PASS] power-of-2?: 0 is not power of 2\n  [PASS] log2-int: log2(1) = 0\n  [PASS] log2-int: log2(2) = 1\n  [PASS] log2-int: log2(4) = 2\n  [PASS] log2-int: log2(8) = 3\n  [PASS] log2-int: log2(16) = 4\n  [PASS] bit-reverse: 0 with 3 bits\n  [PASS] bit-reverse: 1 with 3 bits (001 -> 100)\n  [PASS] bit-reverse: 2 with 3 bits (010 -> 010)\n  [PASS] bit-reverse: 3 with 3 bits (011 -> 110)\n  [PASS] bit-reverse: 4 with 3 bits (100 -> 001)\n  [PASS] next-power-of-2: 1\n  [PASS] next-power-of-2: 3\n  [PASS] next-power-of-2: 5\n  [PASS] next-power-of-2: 8\n  [PASS] next-power-of-2: 9\n\n--- Simple DFT Tests ---\n  [PASS] DFT of constant [1,1,1,1]\n  [PASS] DFT of impulse [1,0,0,0]\n  [PASS] DFT of alternating [1,-1,1,-1]\n\n--- Inverse DFT Tests ---\n  [PASS] IDFT(DFT(x)) = x for [1,2,3,4]\n  [PASS] IDFT(DFT(x)) = x for complex input\n\n--- FFT Correctness ---\n  [PASS] FFT matches naive DFT for [1,2,3,4]\n  [PASS] FFT matches naive DFT for impulse (N=8)\n  [PASS] FFT matches naive DFT for complex input\n\n--- Inverse FFT Tests ---\n  [PASS] IFFT(FFT(x)) = x for [1..8]\n  [PASS] IFFT(FFT(x)) = x for complex input\n\n--- Automatic Algorithm Selection ---\n  [PASS] dft() uses FFT for N=4\n  [PASS] dft() uses naive DFT for N=3\n  [PASS] idft(dft(x)) = x with auto selection\n\n--- Real-valued Transforms ---\n  [PASS] Real DFT round-trip\n\n--- Spectral Analysis ---\n  [PASS] Magnitude spectrum of impulse is constant\n  [PASS] Power spectrum = magnitude²\n\n--- Frequency Bins ---\n  [PASS] Frequency bins for N=8, fs=1000\n\n--- Zero Padding ---\n  [PASS] Zero padding extends vector\n  [PASS] Zero padding with complex zeros\n  [PASS] Zero pad to power of 2: 3->4\n  [PASS] Zero pad to power of 2: 4->4 (already power of 2)\n\n--- Bit Reversal ---\n  [PASS] Bit-reverse copy of [0..7]\n\n--- Parseval's Theorem ---\n  [PASS] Parseval's theorem: energy conservation\n\n--- Linearity ---\n  [PASS] DFT linearity: DFT(2x+3y) = 2*DFT(x)+3*DFT(y)\n\n====\n                    TEST RESULTS\n====\n\nTests passed: 46\nTests failed: 0\nTotal tests:  46\n\n[SUCCESS] All DFT/FFT tests passed.\n
=== Running lattice/numeric/test-convolution.ss ===
\n=== Convolution and Correlation Tests ===\n\n--- Direct Convolution (Full Mode) ---\n  [PASS] convolve [1,2,3] * [1,1] (full)\n  [PASS] identity kernel [1,2,3] * [1]\n  [PASS] zero kernel [1,2,3] * [0]\n  [PASS] box filter [1,1,1] * [1,1,1]\n\n--- Direct Convolution (Same Mode) ---\n  [PASS] same mode preserves length\n\n--- Direct Convolution (Valid Mode) ---\n  [PASS] valid mode length\n  [PASS] valid mode values\n  [PASS] valid mode: kernel > signal\n\n--- FFT Convolution ---\n  [PASS] FFT matches direct convolution\n  [PASS] FFT matches direct (larger)\n\n--- Automatic Convolution ---\n  [PASS] small kernel (auto) - full\n  [PASS] auto convolution - same mode length\n  [PASS] auto convolution - valid mode length\n  [PASS] auto convolution - full mode length\n\n--- Cross-Correlation ---\n  [PASS] correlation detects pattern\n  [PASS] autocorrelation peak at center\n  [PASS] autocorrelation symmetric\n\n--- Auto-correlation ---\n  [PASS] autocorrelation of constant\n\n--- Matched Filtering ---\n  [PASS] matched filter output length\n  [PASS] matched filter detects template\n\n--- Peak Finding ---\n  [PASS] find-peaks detects 3 peaks\n  [PASS] find-peaks finds correct positions\n  [PASS] no peaks below threshold\n\n--- Utility Functions ---\n  [PASS] vector-reverse [1,2,3,4]\n  [PASS] vector-reverse empty\n  [PASS] normalized has ~zero mean\n  [PASS] normalized has ~unit variance\n  [PASS] normalize constant signal\n\n--- Circular Convolution ---\n  [PASS] circular convolution length\n  [PASS] circular convolution values\n\n--- Mathematical Properties ---\n  [PASS] convolution is commutative\n  [PASS] delta function identity\n  [PASS] correlation is not commutative\n\n--- Edge Cases ---\n  [PASS] convolve empty signal\n  [PASS] convolve empty kernel\n  [PASS] convolve single elements\n\n--- Large Signal Test ---\n  [PASS] large signal: auto matches direct\n\n====\n                    TEST RESULTS\n====\n\nTests passed: 37\nTests failed: 0\nTotal tests:  37\n\n[SUCCESS] All convolution tests passed.\n
=== Running lattice/autodiff/test-comp-graph.ss ===

====
         COMPUTATIONAL GRAPH TESTS
====
    ✓ node-var-creates-variable-node
    ✓ node-const-creates-constant-node
    ✓ node-op-creates-operation-node
    ✓ node-inputs-empty-for-var-const
    ✓ node-inputs-returns-inputs-for-op
    ✓ make-comp-graph-creates-empty-graph
    ✓ graph-add-node-adds-nodes
    ✓ graph-get-node-retrieves-nodes
    ✓ graph-set-output-sets-output
    ✓ graph-variables-extracts-variable-names
    ✓ dual-creates-dual-number
    ✓ dual-lift-lifts-constants
    ✓ dual-variable-creates-variable-dual
    ✓ dual-add-correct
    ✓ dual-sub-correct
    ✓ dual-mul-correct
    ✓ dual-mul-product-rule
    ✓ dual-div-correct
    ✓ dual-sq-correct
    ✓ dual-sqrt-correct
    ✓ dual-exp-correct
    ✓ dual-log-correct
    ✓ dual-sin-correct
    ✓ dual-cos-correct
    ✓ dual-pow-correct
    ✓ dual-atan-correct
    ✓ dual-asin-correct
    ✓ dual-acos-correct
    ✓ dual-sinh-correct
    ✓ dual-cosh-correct
    ✓ dual-tanh-correct
    ✓ dual-sinh-at-one
    ✓ forward-diff-constant-function
    ✓ forward-diff-identity
    ✓ forward-diff-linear
    ✓ forward-diff-polynomial
    ✓ forward-diff-transcendental
    ✓ forward-diff-chain-rule
    ✓ forward-diff-exp-log
    ✓ gradient-forward-partial-derivative
    ✓ gradient-forward-all-computes-gradient
    ✓ make-tape-creates-empty-tape
    ✓ tape-record-adds-entries
    ✓ tape-reverse-pass-computes-gradients
    ✓ tape-reverse-pass-product
    ✓ graph-topological-order-on-simple-graph
    ✓ hyperdual-construction
    ✓ hyperdual-lift-constant
    ✓ hyperdual-var1
    ✓ hyperdual-var2
    ✓ hyperdual-add
    ✓ hyperdual-mul-gives-mixed-partial
    ✓ hyperdual-sq-second-derivative
    ✓ hyperdual-exp-second-derivative
    ✓ hyperdual-sin-second-derivative
    ✓ hyperdual-polynomial-hessian
    ✓ hessian-forward-quadratic
    ✓ hessian-forward-mixed
    ✓ hessian-forward-cubic
    ✓ second-derivative-forward-cubic

====
Tests passed: 60
Tests failed: 0
Total tests:  60

[SUCCESS] All computational graph tests passed.

=== Running lattice/autodiff/test-reverse-diff.ss ===

====
         REVERSE MODE AUTODIFF TESTS
====
    ✓ traced-value-extraction
WARNING: reset-traced-ids! is deprecated. Use with-fresh-ad-scope.
    ✓ traced-id-is-unique
    ✓ plain-number-extraction
    ✓ derivative-of-identity
    ✓ derivative-of-constant
    ✓ derivative-of-double
    ✓ derivative-of-square
    ✓ derivative-of-cube
    ✓ derivative-of-sqrt
    ✓ derivative-of-exp
    ✓ derivative-of-log
    ✓ derivative-of-sin
    ✓ derivative-of-cos
    ✓ derivative-of-atan
    ✓ derivative-of-asin
    ✓ derivative-of-acos
    ✓ derivative-of-sinh
    ✓ derivative-of-cosh
    ✓ derivative-of-tanh
    ✓ derivative-of-sinh-at-one
    ✓ chain-sin-sq
    ✓ chain-exp-neg
    ✓ chain-log-sq
    ✓ chain-sqrt-add
    ✓ chain-sq-add-sq
    ✓ gradient-sum
    ✓ gradient-product
    ✓ gradient-difference
    ✓ gradient-quotient
    ✓ gradient-polynomial
    ✓ gradient-three-vars
    ✓ value-and-gradient-basic
    ✓ value-and-gradient-multivar
    ✓ shared-variable-accumulation
    ✓ shared-variable-product
    ✓ shared-intermediate
    ✓ shared-intermediate-product
    ✓ check-polynomial-gradient
    ✓ check-transcendental-gradient
    ✓ check-complex-gradient
    ✓ constant-function-gradient
    ✓ single-variable-unused
    ✓ deeply-nested

====
Tests passed: 43
Tests failed: 0
Total tests:  43

[SUCCESS] All reverse mode autodiff tests passed.

=== Running lattice/autodiff/test-differentiable.ss ===

=== Instance Resolution ===
  resolve Differentiable Real: ok
  resolve Differentiable Dual: ok
  resolve Differentiable Traced: ok
  resolve Differentiable Hyperdual: ok

=== Real Instance ===
  lift 5: ok
  primal 3: ok
  tangent 7: ok
  d+ 2 3: ok
  d* 2 3: ok

=== Dual Instance ===
  lift value: ok
  lift deriv: ok
  var value: ok
  var deriv: ok
  d+ value: ok
  d+ deriv: ok
  d* value: ok
  d* deriv: ok
  d-sq value: ok
  d-sq deriv: ok

=== Traced Instance ===
  traced d* value: ok

=== Hyperdual Instance ===
  hd lift value: ok
  hd d-sq value: ok
  hd d-sq deriv1 (2x): ok
  hd d-sq deriv2: ok
  hd d-sq deriv12 (d^2/dxdy = 0): ok

=== get-diff-method ===
  get d+ for Dual: ok
  get d* for Real: ok
  get invalid method: ok

=== Generic d-pow ===
  d-pow x^3 value: ok
  d-pow x^3 deriv: ok
  d-pow x^0 value: ok
  d-pow x^0 deriv: ok
  d-pow x^-1 value: ok
  d-pow x^-1 deriv: ok
  d-pow x^-2 value: ok
  d-pow x^-2 deriv: ok
  d-pow x^-3 value: ok
  d-pow x^-3 deriv: ok

=== derivative-at ===
  d/dx x^2 at 3: ok
  d/dx x^2 at 5: ok
  d/dx sin(x) at 0: ok

=== extended-classes ===
  has Differentiable: ok
  has Functor: ok

====
Passed: 43
Failed: 0

All Differentiable type class tests passed.

=== Running lattice/autodiff/test-higher-order-diff.ss ===

====
         HIGHER-ORDER DIFFERENTIATION TESTS
====
WARNING: reset-traced-ids! is deprecated. Use with-fresh-ad-scope.
WARNING: reset-traced-ids! is deprecated. Use with-fresh-ad-scope.
    ✓ jacobian-identity
WARNING: reset-traced-ids! is deprecated. Use with-fresh-ad-scope.
WARNING: reset-traced-ids! is deprecated. Use with-fresh-ad-scope.
    ✓ jacobian-linear
WARNING: reset-traced-ids! is deprecated. Use with-fresh-ad-scope.
WARNING: reset-traced-ids! is deprecated. Use with-fresh-ad-scope.
WARNING: reset-traced-ids! is deprecated. Use with-fresh-ad-scope.
    ✓ jacobian-quadratic
WARNING: reset-traced-ids! is deprecated. Use with-fresh-ad-scope.
    ✓ jacobian-scalar-function
WARNING: reset-traced-ids! is deprecated. Use with-fresh-ad-scope.
WARNING: reset-traced-ids! is deprecated. Use with-fresh-ad-scope.
    ✓ jacobian-single-input
    ✓ jvp-identity
    ✓ jvp-linear
    ✓ jvp-scalar
WARNING: reset-traced-ids! is deprecated. Use with-fresh-ad-scope.
    ✓ vjp-identity
WARNING: reset-traced-ids! is deprecated. Use with-fresh-ad-scope.
    ✓ vjp-linear
WARNING: reset-traced-ids! is deprecated. Use with-fresh-ad-scope.
    ✓ vjp-single-output
    ✓ hessian-numerical-quadratic
    ✓ hessian-numerical-cross-term
    ✓ hessian-numerical-cubic
    ✓ grad-wrapper
    ✓ directional-derivative-test
    ✓ directional-derivative-normalized
    ✓ second-derivative-quadratic
    ✓ second-derivative-cubic
    ✓ hessian-exact-quadratic
    ✓ hessian-exact-mixed
    ✓ hessian-exact-vs-numerical-precision
    ✓ second-derivative-exact-polynomial
    ✓ second-derivative-exact-exp
    ✓ second-derivative-exact-sin
    ✓ jet-creation
    ✓ jet-variable-creation
    ✓ jet-lift
    ✓ jet-deriv-extraction
    ✓ jet-add-simple
    ✓ jet-sub-simple
    ✓ jet-neg
    ✓ jet-mul-simple
    ✓ jet-sq-polynomial
    ✓ jet-div-simple
    ✓ jet-exp-at-zero
    ✓ jet-exp-at-one
    ✓ jet-sin-at-zero
    ✓ jet-cos-at-zero
    ✓ jet-log-at-one
    ✓ jet-sqrt-at-four
    ✓ jet-pow-cubic
    ✓ jet-atan-at-zero
    ✓ jet-atan-at-one
    ✓ jet-asin-at-zero
    ✓ jet-acos-at-zero
    ✓ jet-sinh-at-zero
    ✓ jet-cosh-at-zero
    ✓ jet-tanh-at-zero
    ✓ jet-sinh-at-one
    ✓ nth-deriv-polynomial
    ✓ nth-deriv-exp
    ✓ nth-deriv-sin-pattern
    ✓ all-derivatives-test
    ✓ taylor-coefficients-exp
    ✓ taylor-coefficients-sin
    ✓ taylor-series-approximation
    ✓ taylor-series-sin-approximation
    ✓ taylor-remainder-bound-test
    ✓ second-derivative-jet-test
    ✓ third-derivative-jet-test
    ✓ fourth-derivative-jet-test
    ✓ partial-derivative-single-var
    ✓ gradient-jet-test
    ✓ hessian-xy-product
    ✓ hessian-x2y3
    ✓ hessian-xyz-product
    ✓ hessian-sin-xy
    ✓ jet-pow-large-exponent
    ✓ jet-pow-negative-large

====
Tests passed: 70
Tests failed: 0
Total tests:  70

[SUCCESS] All higher-order differentiation tests passed.

=== Running lattice/data/test-data-structures.ss ===
✓ Data structures loaded (Stack, Queue, Set, Dict)
Testing data-structures.ss
====

Stack:
----
  ✓ stack-empty? on empty stack
  ✓ stack-size of empty
  ✓ stack-empty? after push
  ✓ stack-size after one push
  ✓ stack-peek after push
  ✓ stack-size after three pushes
  ✓ stack-peek shows top
  ✓ stack->list order
  ✓ first pop returns top element
  ✓ stack after pop has size 2
  ✓ second pop returns next element
  ✓ list->stack->list
  ✓ stack-peek on empty (error raised)
  ✓ stack-pop on empty (error raised)

Queue:
----
  ✓ queue-empty? on empty queue
  ✓ queue-size of empty
  ✓ queue-empty? after enqueue
  ✓ queue-size after one enqueue
  ✓ queue-peek after enqueue
  ✓ queue-size after three enqueues
  ✓ queue-peek shows front
  ✓ queue->list order
  ✓ first dequeue returns front element
  ✓ queue after dequeue has size 2
  ✓ second dequeue returns next element
  ✓ FIFO: first out
  ✓ FIFO: second out
  ✓ FIFO: third out
  ✓ FIFO: remaining
  ✓ list->queue->list
  ✓ queue-peek on empty (error raised)
  ✓ queue-dequeue on empty (error raised)

Set:
----
  ✓ set-empty? on empty set
  ✓ set-size of empty
  ✓ set-empty? after add
  ✓ set-size after one add
  ✓ set-member? finds element
  ✓ set-member? doesn't find absent
  ✓ set-size with duplicate
  ✓ set contains first element
  ✓ set contains second element
  ✓ set-size after remove
  ✓ removed element not present
  ✓ other element still present
  ✓ union contains all elements
  ✓ union has 1
  ✓ union has 4
  ✓ intersection size
  ✓ intersection has 2
  ✓ intersection has 3
  ✓ intersection doesn't have 1
  ✓ difference size
  ✓ difference has 1
  ✓ difference doesn't have 2
  ✓ set is subset of itself
  ✓ empty is subset of any
  ✓ smaller is subset
  ✓ larger is not subset
  ✓ list->set removes duplicates

Dictionary:
----
  ✓ dict-empty? on empty dict
  ✓ dict-size of empty
  ✓ dict-empty? after assoc
  ✓ dict-size after one assoc
  ✓ dict-lookup finds value
  ✓ dict-has-key? finds key
  ✓ dict-lookup missing key
  ✓ dict-has-key? missing
  ✓ dict-size with three entries
  ✓ dict-lookup first key
  ✓ dict-lookup second key
  ✓ dict-lookup third key
  ✓ dict-size after update
  ✓ dict-lookup updated value
  ✓ dict-size after dissoc
  ✓ dict-has-key? after dissoc
  ✓ other keys still present
  ✓ dict-size for keys/values test
  ✓ dict-keys length
  ✓ dict-values length
  ✓ dict-entries length
  ✓ merge size
  ✓ merge keeps dB value for overlap
  ✓ merge has dA key
  ✓ merge has dB key
  ✓ map-values size unchanged
  ✓ map-values transforms first
  ✓ map-values transforms second
  ✓ filter size
  ✓ filter removes low value
  ✓ filter keeps high values

====
Tests passed: 90
Tests failed: 0

✓ All tests passed!
