YOLO mode is enabled. All tool calls will be automatically approved.
Loaded cached credentials.
I will start by listing the beads to find the ID for the Autodiff epic and identify relevant physics and optimization tasks.
I will try running `bd list` directly to see if it is available in the environment's PATH.
I will search for the Autodiff epic and relevant physics and optimization tasks using grep to narrow down the IDs.
I will add `fold-bym` as a dependency for the identified physics and optimization tasks to ensure it blocks them.
I will check the dependencies of `fold-bym` to understand why adding `fold-qce` as a dependent would create a cycle.
I will list the dependencies for `fold-h9p` to verify if the previous commands were successful.
I will check the dependencies for `fold-lim` to see if it already depends on `fold-bym` or if it is currently blocking it.
I will check the dependencies for `fold-a6i` to determine if it is ready to be made dependent on `fold-bym`.
I will check the help for `bd dep` to find out how to remove a dependency.
I will remove `fold-lim` and `fold-qce` from `fold-bym`'s dependencies to resolve the cycle issue.
I will now add `fold-bym` as a dependency for the remaining physics and optimization tasks.
I will list all beads again to ensure that no other relevant physics or optimization tasks were missed.
I will check the dependencies for `fold-pd2` to see if it should also be blocked by `fold-bym`.
I will add `fold-bym` as a dependency for the Optimization and Physics epics and documentation.
I will search for any other tasks containing "differentiable" to ensure all related physics and optimization tasks are covered.
I will search for any other open "optimization" tasks that I might have missed.
I will search for any other open "physics" tasks that I might have missed.
I will perform a final check on the dependencies of `fold-qce` to ensure that `fold-bym` is correctly listed as a blocking dependency.
I have successfully updated the dependencies to ensure the Autodiff epic (`fold-bym`) blocks physics and optimization tasks. 

I identified and updated the following tasks:
- **Physics Tasks:** `fold-h9p`, `fold-4ve`, `fold-fwb`, `fold-qce`, `fold-z8q`, `fold-yka`, `fold-yy5`, `fold-73p`
- **Optimization Tasks:** `fold-xl6`, `fold-ygh`, `fold-pd2`, `fold-lim`, `fold-a6i`

To avoid dependency cycles, I first removed `fold-lim` and `fold-qce` from `fold-bym`'s dependency list before adding `fold-bym` as their dependency. All targeted tasks now correctly depend on the completion of the Autodiff epic.
