YOLO mode is enabled. All tool calls will be automatically approved.
Loaded cached credentials.
I will start by running the test suite to identify broken paths and verify the current state of the system.
I will verify the file structure of `core/` and `shell/tests/` to confirm test file locations and read `test-all.ss` to understand the test runner logic.
I'll read `test-all.ss` and `core/run-tests.ss` to check test paths and understand the test runner's configuration.
I'll examine `shell/tests/test-validate.ss` to understand how it loads `prelude.ss`.
I'll read `shell/tools/validate.ss` and `core/test-framework.ss` to check their dependencies and how they handle paths.
I'll update `test-all.ss` with the correct relative paths for the core tests, mapping files to their new locations in `base`, `blocks`, `lang`, `types`, `util`, and `linalg`.
I'll fix `shell/tools/validate.ss` by updating the load paths for `prelude.ss` and `block.ss`, then I'll investigate `shell/tests/test-block-index.ss`.
I'll check `shell/tests/test-block-index.ss` to identify the cause of the failure.
I'll check `shell/block-index.ss` since it's loaded by `shell/tests/test-block-index.ss`.
I'll fix `shell/block-index.ss` by updating the load paths, then use `grep` to find and fix any other occurrences of "load \"prelude.ss\"" in the `shell/` directory.
I'll search `shell/` for any other incorrect load paths.
I'll fix the identified files, starting with `shell/cas-persist.ss` to check for `cas.ss` dependencies, and then verify with `test-all.ss` before broader searches.
I'll update `shell/cas-persist.ss` with the correct load paths and then check `shell/block-diff.ss` and `shell/store-analyze.ss`.
I'll examine `shell/block-diff.ss`.
I'll update `shell/block-diff.ss` with the correct load paths for `prelude.ss`, `block.ss`, `cas.ss`, `normalize.ss`, and `expand.ss`, and then I'll address `shell/store-analyze.ss`.
I'll examine `shell/store-analyze.ss`.
I'll update `shell/store-analyze.ss` with the correct load paths, then rerun `test-all.ss` to verify the fixes. Finally, I'll check `core/base/prelude.ss` for Task C.
I'll rerun the tests now that `test-all.ss` and the critical shell files are fixed.
I'll verify `shell-tests` in `test-all.ss` and inspect `core/linalg/test-matrix-solvers.ss` to see if it triggers an early exit.
I'll remove `(exit ...)` from `test-matrix-solvers.ss` to prevent premature termination of `test-all.ss`. I'll also check `core/base/test-prelude.ss` to see if other tests follow a similar pattern.
I'll modify `core/linalg/test-matrix-solvers.ss` to exit only on failure. I'll also verify `core/linalg/test-matrix-decomp.ss` to ensure it doesn't exit prematurely, although the test execution order suggests it's likely fine.
I'll remove the exit command from `core/linalg/test-matrix-solvers.ss`.
I'll verify `test-all.ss` runs completely, then investigate Task C by checking `core/base/prelude.ss` for `edit-distance` and searching for its duplicates in the codebase.
I'll verify Task C by checking `core/base/prelude.ss` for `edit-distance`, searching for any remaining duplicates, and confirming its usage in `core/base/error.ss`.
I'll verify if `edit-distance` is still defined in `shell/commands.ss`, `core/base/error.ss`, `core/util/help.ss`, and `user/satin/validate.ss` to ensure the duplication has been resolved, starting with `shell/commands.ss` and `core/base/error.ss`.
I'll verify `core/base/error.ss` to see if `edit-distance` is defined there, given that `shell/commands.ss` uses it without defining it.
I'll examine `core/util/help.ss` to see if `edit-distance` is defined or just used, continuing my check of the duplicate locations.
I'll examine `user/satin/validate.ss` to determine if `satin-edit-distance` is still defined there, which would represent a duplicate implementation.
I'll verify `core/util/debug.ss` to confirm `edit-distance` isn't defined there, concluding my checks on duplicates.
I've completed all tasks: fixed `test-all.ss` and various shell files, corrected the matrix solver test, verified all tests pass, and confirmed `edit-distance` consolidation. I'm now ready to report.
The daemon environment has been repaired and verified.

### Task A: Verification & Fixes (Test Suite)
The `test-all.ss` runner and several shell utilities were broken due to the recent directory reorganization (moving `core/` files into subdirectories like `base/`, `blocks/`, `lang/`).

**Fixes Applied:**
1.  **Updated `test-all.ss`**: Corrected the `core-tests` list to reflect the new structure (e.g., `base/test-prelude.ss` instead of `test-prelude.ss`).
2.  **Fixed Shell Dependencies**: Updated incorrect `(load "prelude.ss")` calls to `(load "base/prelude.ss")` (and similar for `block.ss`, `cas.ss`) in:
    *   `shell/tools/validate.ss`
    *   `shell/block-index.ss`
    *   `shell/cas-persist.ss`
    *   `shell/block-diff.ss`
    *   `shell/store-analyze.ss`
3.  **Fixed Test Runner Termination**: Removed an improper `(exit ...)` call in `core/linalg/test-matrix-solvers.ss` that caused the test suite to terminate before running Shell tests.

**Status:**
All tests (Core and Shell) now **PASS** (passed 27 files, 0 failures).

### Task B: Load Path Repairs
The broken load paths identified in Task A have been corrected. The shell tools now correctly locate their core dependencies in the new subdirectory structure.

### Task C: Edit-Distance Consolidation
The consolidation of the `edit-distance` algorithm has been **verified successful**.

*   **Definition:** `edit-distance` is centrally defined in **`core/base/prelude.ss`**.
*   **Duplicate Removal:** I confirmed that the duplicate definitions have been removed from:
    *   `shell/commands.ss` (now uses the version from prelude)
    *   `core/base/error.ss` (uses prelude)
    *   `core/util/help.ss` (uses prelude)
    *   `user/satin/validate.ss` (uses prelude)

The technical debt item regarding `edit-distance` duplication is resolved.
